2026-08-28T06:30:40.698Z INFO Is remote: false
2026-08-28T06:30:40.701Z INFO Starting Local. Installation path: c:\VProjects
2026-08-28T06:30:40.704Z INFO [MainProvider] Creating new MainProvider instance...
2026-08-28T06:30:40.706Z INFO [TabsManager] Code view listener set up at initialization
2026-08-28T06:30:40.710Z INFO Installation path exists: c:\VProjects
2026-08-28T06:30:40.731Z INFO Initializing database with URL: file:c:\VProjects\pythagora-core\data\database\pythagora.db
2026-08-28T06:30:40.748Z INFO Database file exists, skipping prisma generate/push for faster startup
2026-08-28T06:30:40.750Z INFO Database initialized successfully
2026-08-28T06:30:40.752Z INFO [Migration] Checking for database migration...
2026-08-28T06:30:42.395Z INFO [Migration] No migration needed
2026-08-28T06:36:11.423Z INFO [TabsManager] First file opened, triggering split view
2026-08-28T06:36:11.429Z INFO [MainProvider] First file opened, creating split view
2026-08-28T06:41:33.973Z INFO [TabsManager] First file opened, triggering split view
2026-08-28T06:41:33.979Z INFO [MainProvider] First file opened, creating split view
2026-08-28T07:48:10.432Z INFO [TabsManager] First file opened, triggering split view
2026-08-28T07:48:10.435Z INFO [MainProvider] First file opened, creating split view
2026-08-28T07:52:55.756Z INFO [TabsManager] First file opened, triggering split view
2026-08-28T07:52:55.760Z INFO [MainProvider] First file opened, creating split view
2026-08-28T07:53:03.259Z INFO [TabsManager] First file opened, triggering split view
2026-08-28T07:53:03.260Z INFO [MainProvider] First file opened, creating split view
2026-08-28T07:53:10.967Z INFO [TabsManager] First file opened, triggering split view
2026-08-28T07:53:10.968Z INFO [MainProvider] First file opened, creating split view
2026-08-28T07:53:12.935Z INFO [TabsManager] First file opened, triggering split view
2026-08-28T07:53:12.936Z INFO [MainProvider] First file opened, creating split view
2026-08-28T11:43:31.790Z INFO Closing entire Pythagora extension...
2026-08-28T11:43:31.887Z ERROR Error closing extension
Error: Canceled
Stack: Canceled: Canceled
    at new Yx (file:///c:/Users/HP/AppData/Local/Programs/Microsoft%20VS%20Code/110a328ea5/resources/app/out/vs/workbench/api/node/extensionHostProcess.js:435:152773)
    at i._remoteCall (file:///c:/Users/HP/AppData/Local/Programs/Microsoft%20VS%20Code/110a328ea5/resources/app/out/vs/workbench/api/node/extensionHostProcess.js:435:158857)
    at Proxy.r.<computed>.s.charCodeAt.r.<computed> (file:///c:/Users/HP/AppData/Local/Programs/Microsoft%20VS%20Code/110a328ea5/resources/app/out/vs/workbench/api/node/extensionHostProcess.js:435:155610)
    at df._doExecuteCommand (file:///c:/Users/HP/AppData/Local/Programs/Microsoft%20VS%20Code/110a328ea5/resources/app/out/vs/workbench/api/node/extensionHostProcess.js:544:48319)
    at df.executeCommand (file:///c:/Users/HP/AppData/Local/Programs/Microsoft%20VS%20Code/110a328ea5/resources/app/out/vs/workbench/api/node/extensionHostProcess.js:544:47766)
    at Object.executeCommand (file:///c:/Users/HP/AppData/Local/Programs/Microsoft%20VS%20Code/110a328ea5/resources/app/out/vs/workbench/api/node/extensionHostProcess.js:674:139106)
    at closeEntirePythagoraExtension (c:\Users\HP\.vscode\extensions\pythagoratechnologies.pythagora-vs-code-2.6.19\out\extension.js:542:31)
    at Object.deactivate (c:\Users\HP\.vscode\extensions\pythagoratechnologies.pythagora-vs-code-2.6.19\out\extension.js:409:15)
    at D_._deactivate (file:///c:/Users/HP/AppData/Local/Programs/Microsoft%20VS%20Code/110a328ea5/resources/app/out/vs/workbench/api/node/extensionHostProcess.js:548:14930)
    at file:///c:/Users/HP/AppData/Local/Programs/Microsoft%20VS%20Code/110a328ea5/resources/app/out/vs/workbench/api/node/extensionHostProcess.js:548:12457
    at Array.map (<anonymous>)
    at D_._deactivateAll (file:///c:/Users/HP/AppData/Local/Programs/Microsoft%20VS%20Code/110a328ea5/resources/app/out/vs/workbench/api/node/extensionHostProcess.js:548:12445)
    at D_.terminate (file:///c:/Users/HP/AppData/Local/Programs/Microsoft%20VS%20Code/110a328ea5/resources/app/out/vs/workbench/api/node/extensionHostProcess.js:548:12796)
    at i.terminate (file:///c:/Users/HP/AppData/Local/Programs/Microsoft%20VS%20Code/110a328ea5/resources/app/out/vs/workbench/api/node/extensionHostProcess.js:550:1072)
    at pa (file:///c:/Users/HP/AppData/Local/Programs/Microsoft%20VS%20Code/110a328ea5/resources/app/out/vs/workbench/api/node/extensionHostProcess.js:853:11797)
    at Op.value (file:///c:/Users/HP/AppData/Local/Programs/Microsoft%20VS%20Code/110a328ea5/resources/app/out/vs/workbench/api/node/extensionHostProcess.js:853:9939)
    at T._deliver (file:///c:/Users/HP/AppData/Local/Programs/Microsoft%20VS%20Code/110a328ea5/resources/app/out/vs/workbench/api/node/extensionHostProcess.js:431:3617)
    at T.fire (file:///c:/Users/HP/AppData/Local/Programs/Microsoft%20VS%20Code/110a328ea5/resources/app/out/vs/workbench/api/node/extensionHostProcess.js:431:3935)
    at bs.fire (file:///c:/Users/HP/AppData/Local/Programs/Microsoft%20VS%20Code/110a328ea5/resources/app/out/vs/workbench/api/node/extensionHostProcess.js:433:8627)
    at MessagePortMain.<anonymous> (file:///c:/Users/HP/AppData/Local/Programs/Microsoft%20VS%20Code/110a328ea5/resources/app/out/vs/workbench/api/node/extensionHostProcess.js:853:8171)
    at MessagePortMain.emit (node:events:509:28)
    at Object.emit (node:electron/js2c/utility_init:2:2934)
Extra context: {
  "message": "Canceled"
}
2026-08-29T09:27:56.851Z INFO Is remote: false
2026-08-29T09:27:56.855Z INFO Starting Local. Installation path: c:\VProjects
2026-08-29T09:27:56.857Z INFO [MainProvider] Creating new MainProvider instance...
2026-08-29T09:27:56.865Z INFO [TabsManager] Code view listener set up at initialization
2026-08-29T09:27:56.878Z INFO Installation path exists: c:\VProjects
2026-08-29T09:27:56.905Z INFO Initializing database with URL: file:c:\VProjects\pythagora-core\data\database\pythagora.db
2026-08-29T09:27:56.931Z INFO Database file exists, skipping prisma generate/push for faster startup
2026-08-29T09:27:56.934Z INFO Database initialized successfully
2026-08-29T09:27:56.937Z INFO [Migration] Checking for database migration...
2026-08-29T09:28:07.078Z INFO [Migration] No migration needed
2026-08-29T09:34:11.437Z INFO Closing entire Pythagora extension...
2026-08-29T09:34:11.484Z ERROR Error closing extension
Error: Canceled
Stack: Canceled: Canceled
    at new oS (file:///c:/Users/HP/AppData/Local/Programs/Microsoft%20VS%20Code/08d4889f9e/resources/app/out/vs/workbench/api/node/extensionHostProcess.js:435:152732)
    at r._remoteCall (file:///c:/Users/HP/AppData/Local/Programs/Microsoft%20VS%20Code/08d4889f9e/resources/app/out/vs/workbench/api/node/extensionHostProcess.js:435:158816)
    at Proxy.i.<computed>.s.charCodeAt.i.<computed> (file:///c:/Users/HP/AppData/Local/Programs/Microsoft%20VS%20Code/08d4889f9e/resources/app/out/vs/workbench/api/node/extensionHostProcess.js:435:155569)
    at cf._doExecuteCommand (file:///c:/Users/HP/AppData/Local/Programs/Microsoft%20VS%20Code/08d4889f9e/resources/app/out/vs/workbench/api/node/extensionHostProcess.js:544:48319)
    at cf.executeCommand (file:///c:/Users/HP/AppData/Local/Programs/Microsoft%20VS%20Code/08d4889f9e/resources/app/out/vs/workbench/api/node/extensionHostProcess.js:544:47766)
    at Object.executeCommand (file:///c:/Users/HP/AppData/Local/Programs/Microsoft%20VS%20Code/08d4889f9e/resources/app/out/vs/workbench/api/node/extensionHostProcess.js:674:139115)
    at closeEntirePythagoraExtension (c:\Users\HP\.vscode\extensions\pythagoratechnologies.pythagora-vs-code-2.6.19\out\extension.js:542:31)
    at Object.deactivate (c:\Users\HP\.vscode\extensions\pythagoratechnologies.pythagora-vs-code-2.6.19\out\extension.js:409:15)
    at N_._deactivate (file:///c:/Users/HP/AppData/Local/Programs/Microsoft%20VS%20Code/08d4889f9e/resources/app/out/vs/workbench/api/node/extensionHostProcess.js:548:14930)
    at file:///c:/Users/HP/AppData/Local/Programs/Microsoft%20VS%20Code/08d4889f9e/resources/app/out/vs/workbench/api/node/extensionHostProcess.js:548:12457
    at Array.map (<anonymous>)
    at N_._deactivateAll (file:///c:/Users/HP/AppData/Local/Programs/Microsoft%20VS%20Code/08d4889f9e/resources/app/out/vs/workbench/api/node/extensionHostProcess.js:548:12445)
    at N_.terminate (file:///c:/Users/HP/AppData/Local/Programs/Microsoft%20VS%20Code/08d4889f9e/resources/app/out/vs/workbench/api/node/extensionHostProcess.js:548:12796)
    at r.terminate (file:///c:/Users/HP/AppData/Local/Programs/Microsoft%20VS%20Code/08d4889f9e/resources/app/out/vs/workbench/api/node/extensionHostProcess.js:550:1072)
    at pa (file:///c:/Users/HP/AppData/Local/Programs/Microsoft%20VS%20Code/08d4889f9e/resources/app/out/vs/workbench/api/node/extensionHostProcess.js:853:11797)
    at Op.value (file:///c:/Users/HP/AppData/Local/Programs/Microsoft%20VS%20Code/08d4889f9e/resources/app/out/vs/workbench/api/node/extensionHostProcess.js:853:9939)
    at T._deliver (file:///c:/Users/HP/AppData/Local/Programs/Microsoft%20VS%20Code/08d4889f9e/resources/app/out/vs/workbench/api/node/extensionHostProcess.js:431:3617)
    at T.fire (file:///c:/Users/HP/AppData/Local/Programs/Microsoft%20VS%20Code/08d4889f9e/resources/app/out/vs/workbench/api/node/extensionHostProcess.js:431:3935)
    at ys.fire (file:///c:/Users/HP/AppData/Local/Programs/Microsoft%20VS%20Code/08d4889f9e/resources/app/out/vs/workbench/api/node/extensionHostProcess.js:433:8627)
    at MessagePortMain.<anonymous> (file:///c:/Users/HP/AppData/Local/Programs/Microsoft%20VS%20Code/08d4889f9e/resources/app/out/vs/workbench/api/node/extensionHostProcess.js:853:8171)
    at MessagePortMain.emit (node:events:509:28)
    at Object.emit (node:electron/js2c/utility_init:2:2934)
Extra context: {
  "message": "Canceled"
}
